{
  "name": "lorem/ipsum",
  "authors": ["Lorem IPSUM"]
}
